SampleID	BarcodeSequence	LinkerPrimerSequence	Trt	Soil	Cmpt	Rep	Cnt	FWD	RVS	Redos
/Users/Shared/GNOTO_AgNAg/Lib1/mapfile.tsv:GNOT.AGNAG.1	TCCCTTGTCTCCAGATTGACCAAC	GGACTACHVGGGTWTCTAAT	PC	AA	RS	1	NA	1	1	Not
/Users/Shared/GNOTO_AgNAg/Lib1/mapfile.tsv:GNOT.AGNAG.2	TCCCTTGTCTCCAGTTACGAGCTA	GGACTACHVGGGTWTCTAAT	PC	AA	RS	2	NA	1	2	Not
/Users/Shared/GNOTO_AgNAg/Lib1/mapfile.tsv:GNOT.AGNAG.3	TCCCTTGTCTCCGCATATGCACTG	GGACTACHVGGGTWTCTAAT	PC	AA	RS	3	NA	1	3	Not
/Users/Shared/GNOTO_AgNAg/Lib1/mapfile.tsv:GNOT.AGNAG.4	TCCCTTGTCTCCCAACTCCCGTGA	GGACTACHVGGGTWTCTAAT	PC	AA	RS	4	NA	1	4	Not
/Users/Shared/GNOTO_AgNAg/Lib1/mapfile.tsv:GNOT.AGNAG.5	TCCCTTGTCTCCTTGCGTTAGCAG	GGACTACHVGGGTWTCTAAT	PC	AA	RS	5	NA	1	5	Not
/Users/Shared/GNOTO_AgNAg/Lib1/mapfile.tsv:GNOT.AGNAG.6	TCCCTTGTCTCCTACGAGCCCTAA	GGACTACHVGGGTWTCTAAT	PC	AN	RS	1	NA	1	6	Not
/Users/Shared/GNOTO_AgNAg/Lib1/mapfile.tsv:GNOT.AGNAG.7	TCCCTTGTCTCCCACTACGCTAGA	GGACTACHVGGGTWTCTAAT	PC	AN	RS	2	NA	1	7	Not
/Users/Shared/GNOTO_AgNAg/Lib1/mapfile.tsv:GNOT.AGNAG.8	TCCCTTGTCTCCTGCAGTCCTCGA	GGACTACHVGGGTWTCTAAT	PC	AN	RS	3	NA	1	8	Not
/Users/Shared/GNOTO_AgNAg/Lib1/mapfile.tsv:GNOT.AGNAG.9	TCCCTTGTCTCCACCATAGCTCCG	GGACTACHVGGGTWTCTAAT	PC	AN	RS	4	NA	1	9	Not
/Users/Shared/GNOTO_AgNAg/Lib1/mapfile.tsv:GNOT.AGNAG.10	TCCCTTGTCTCCTCGACATCTCTT	GGACTACHVGGGTWTCTAAT	PC	AN	RS	5	NA	1	10	Not
/Users/Shared/GNOTO_AgNAg/Lib1/mapfile.tsv:GNOT.AGNAG.11	TCCCTTGTCTCCGAACACTTTGGA	GGACTACHVGGGTWTCTAAT	PC	BA	RS	1	NA	1	11	Not
/Users/Shared/GNOTO_AgNAg/Lib1/mapfile.tsv:GNOT.AGNAG.12	TCCCTTGTCTCCGAGCCATCTGTA	GGACTACHVGGGTWTCTAAT	PC	BA	RS	2	NA	1	12	Not
/Users/Shared/GNOTO_AgNAg/Lib1/mapfile.tsv:GNOT.AGNAG.13	TCCCTTGTCTCCTTGGGTACACGT	GGACTACHVGGGTWTCTAAT	PC	BA	RS	3	NA	1	13	Not
/Users/Shared/GNOTO_AgNAg/Lib1/mapfile.tsv:GNOT.AGNAG.14	TCCCTTGTCTCCAAGGCGCTCCTT	GGACTACHVGGGTWTCTAAT	PC	BA	RS	4	NA	1	14	Not
/Users/Shared/GNOTO_AgNAg/Lib1/mapfile.tsv:GNOT.AGNAG.15	TCCCTTGTCTCCTAATACGGATCG	GGACTACHVGGGTWTCTAAT	PC	BA	RS	5	NA	1	15	Not
/Users/Shared/GNOTO_AgNAg/Lib1/mapfile.tsv:GNOT.AGNAG.16	TCCCTTGTCTCCTCGGAATTAGAC	GGACTACHVGGGTWTCTAAT	PC	BN	RS	1	NA	1	16	Not
/Users/Shared/GNOTO_AgNAg/Lib1/mapfile.tsv:GNOT.AGNAG.17	TCCCTTGTCTCCTGTGAATTCGGA	GGACTACHVGGGTWTCTAAT	PC	BN	RS	2	NA	1	17	Not
/Users/Shared/GNOTO_AgNAg/Lib1/mapfile.tsv:GNOT.AGNAG.18	TCCCTTGTCTCCCATTCGTGGCGT	GGACTACHVGGGTWTCTAAT	PC	BN	RS	3	NA	1	18	Not
/Users/Shared/GNOTO_AgNAg/Lib1/mapfile.tsv:GNOT.AGNAG.19	TCCCTTGTCTCCTACTACGTGGCC	GGACTACHVGGGTWTCTAAT	PC	BN	RS	4	NA	1	19	Not
/Users/Shared/GNOTO_AgNAg/Lib1/mapfile.tsv:GNOT.AGNAG.20	TCCCTTGTCTCCGGCCAGTTCCTA	GGACTACHVGGGTWTCTAAT	PC	BN	RS	5	NA	1	20	Not
/Users/Shared/GNOTO_AgNAg/Lib1/mapfile.tsv:GNOT.AGNAG.21	TCCCTTGTCTCCGATGTTCGCTAG	GGACTACHVGGGTWTCTAAT	PC	D	RS	1	NA	1	21	Not
/Users/Shared/GNOTO_AgNAg/Lib1/mapfile.tsv:GNOT.AGNAG.22	TCCCTTGTCTCCCTATCTCCTGTC	GGACTACHVGGGTWTCTAAT	PC	D	RS	2	NA	1	22	Not
/Users/Shared/GNOTO_AgNAg/Lib1/mapfile.tsv:GNOT.AGNAG.23	TCCCTTGTCTCCACTCACAGGAAT	GGACTACHVGGGTWTCTAAT	PC	D	RS	3	NA	1	23	Not
/Users/Shared/GNOTO_AgNAg/Lib1/mapfile.tsv:GNOT.AGNAG.24	TCCCTTGTCTCCATGATGAGCCTC	GGACTACHVGGGTWTCTAAT	PC	D	RS	4	NA	1	24	Redo
/Users/Shared/GNOTO_AgNAg/Lib1/mapfile.tsv:GNOT.AGNAG.25	ACGAGACTGATTAGATTGACCAAC	GGACTACHVGGGTWTCTAAT	PC	D	RS	5	NA	2	1	Not
/Users/Shared/GNOTO_AgNAg/Lib1/mapfile.tsv:GNOT.AGNAG.26	ACGAGACTGATTAGTTACGAGCTA	GGACTACHVGGGTWTCTAAT	PC	S	RS	1	NA	2	2	Not
/Users/Shared/GNOTO_AgNAg/Lib1/mapfile.tsv:GNOT.AGNAG.27	ACGAGACTGATTGCATATGCACTG	GGACTACHVGGGTWTCTAAT	PC	S	RS	2	NA	2	3	Not
/Users/Shared/GNOTO_AgNAg/Lib1/mapfile.tsv:GNOT.AGNAG.28	ACGAGACTGATTCAACTCCCGTGA	GGACTACHVGGGTWTCTAAT	PC	S	RS	3	NA	2	4	Not
/Users/Shared/GNOTO_AgNAg/Lib1/mapfile.tsv:GNOT.AGNAG.29	ACGAGACTGATTTTGCGTTAGCAG	GGACTACHVGGGTWTCTAAT	PC	S	RS	4	NA	2	5	Not
/Users/Shared/GNOTO_AgNAg/Lib1/mapfile.tsv:GNOT.AGNAG.30	ACGAGACTGATTTACGAGCCCTAA	GGACTACHVGGGTWTCTAAT	PC	S	RS	5	NA	2	6	Not
/Users/Shared/GNOTO_AgNAg/Lib1/mapfile.tsv:GNOT.AGNAG.31	ACGAGACTGATTCACTACGCTAGA	GGACTACHVGGGTWTCTAAT	PC	AA	ES	1	NA	2	7	Not
/Users/Shared/GNOTO_AgNAg/Lib1/mapfile.tsv:GNOT.AGNAG.32	ACGAGACTGATTTGCAGTCCTCGA	GGACTACHVGGGTWTCTAAT	PC	AA	ES	2	NA	2	8	Not
/Users/Shared/GNOTO_AgNAg/Lib1/mapfile.tsv:GNOT.AGNAG.33	ACGAGACTGATTACCATAGCTCCG	GGACTACHVGGGTWTCTAAT	PC	AA	ES	3	NA	2	9	Not
/Users/Shared/GNOTO_AgNAg/Lib1/mapfile.tsv:GNOT.AGNAG.34	ACGAGACTGATTTCGACATCTCTT	GGACTACHVGGGTWTCTAAT	PC	AA	ES	4	NA	2	10	Not
/Users/Shared/GNOTO_AgNAg/Lib1/mapfile.tsv:GNOT.AGNAG.35	ACGAGACTGATTGAACACTTTGGA	GGACTACHVGGGTWTCTAAT	PC	AA	ES	5	NA	2	11	Not
/Users/Shared/GNOTO_AgNAg/Lib1/mapfile.tsv:GNOT.AGNAG.36	ACGAGACTGATTGAGCCATCTGTA	GGACTACHVGGGTWTCTAAT	PC	AN	ES	1	NA	2	12	Not
/Users/Shared/GNOTO_AgNAg/Lib1/mapfile.tsv:GNOT.AGNAG.37	ACGAGACTGATTTTGGGTACACGT	GGACTACHVGGGTWTCTAAT	PC	AN	ES	2	NA	2	13	Not
/Users/Shared/GNOTO_AgNAg/Lib1/mapfile.tsv:GNOT.AGNAG.38	ACGAGACTGATTAAGGCGCTCCTT	GGACTACHVGGGTWTCTAAT	PC	AN	ES	3	NA	2	14	Not
/Users/Shared/GNOTO_AgNAg/Lib1/mapfile.tsv:GNOT.AGNAG.39	ACGAGACTGATTTAATACGGATCG	GGACTACHVGGGTWTCTAAT	PC	AN	ES	4	NA	2	15	Not
/Users/Shared/GNOTO_AgNAg/Lib1/mapfile.tsv:GNOT.AGNAG.40	ACGAGACTGATTTCGGAATTAGAC	GGACTACHVGGGTWTCTAAT	PC	AN	ES	5	NA	2	16	Not
/Users/Shared/GNOTO_AgNAg/Lib1/mapfile.tsv:GNOT.AGNAG.41	ACGAGACTGATTTGTGAATTCGGA	GGACTACHVGGGTWTCTAAT	PC	BA	ES	1	NA	2	17	Not
/Users/Shared/GNOTO_AgNAg/Lib1/mapfile.tsv:GNOT.AGNAG.42	ACGAGACTGATTCATTCGTGGCGT	GGACTACHVGGGTWTCTAAT	PC	BA	ES	2	NA	2	18	Not
/Users/Shared/GNOTO_AgNAg/Lib1/mapfile.tsv:GNOT.AGNAG.43	ACGAGACTGATTTACTACGTGGCC	GGACTACHVGGGTWTCTAAT	PC	BA	ES	3	NA	2	19	Not
/Users/Shared/GNOTO_AgNAg/Lib1/mapfile.tsv:GNOT.AGNAG.44	ACGAGACTGATTGGCCAGTTCCTA	GGACTACHVGGGTWTCTAAT	PC	BA	ES	4	NA	2	20	Not
/Users/Shared/GNOTO_AgNAg/Lib1/mapfile.tsv:GNOT.AGNAG.45	ACGAGACTGATTGATGTTCGCTAG	GGACTACHVGGGTWTCTAAT	PC	BA	ES	5	NA	2	21	Not
/Users/Shared/GNOTO_AgNAg/Lib1/mapfile.tsv:GNOT.AGNAG.46	ACGAGACTGATTCTATCTCCTGTC	GGACTACHVGGGTWTCTAAT	PC	BN	ES	1	NA	2	22	Not
/Users/Shared/GNOTO_AgNAg/Lib1/mapfile.tsv:GNOT.AGNAG.47	ACGAGACTGATTACTCACAGGAAT	GGACTACHVGGGTWTCTAAT	PC	BN	ES	2	NA	2	23	Not
/Users/Shared/GNOTO_AgNAg/Lib1/mapfile.tsv:GNOT.AGNAG.48	ACGAGACTGATTATGATGAGCCTC	GGACTACHVGGGTWTCTAAT	PC	BN	ES	3	NA	2	24	Redo
/Users/Shared/GNOTO_AgNAg/Lib1/mapfile.tsv:GNOT.AGNAG.49	GCTGTACGGATTAGATTGACCAAC	GGACTACHVGGGTWTCTAAT	PC	BN	ES	4	NA	3	1	Not
/Users/Shared/GNOTO_AgNAg/Lib1/mapfile.tsv:GNOT.AGNAG.50	GCTGTACGGATTAGTTACGAGCTA	GGACTACHVGGGTWTCTAAT	PC	BN	ES	5	NA	3	2	Not
/Users/Shared/GNOTO_AgNAg/Lib1/mapfile.tsv:GNOT.AGNAG.51	GCTGTACGGATTGCATATGCACTG	GGACTACHVGGGTWTCTAAT	PC	D	ES	1	NA	3	3	Not
/Users/Shared/GNOTO_AgNAg/Lib1/mapfile.tsv:GNOT.AGNAG.52	GCTGTACGGATTCAACTCCCGTGA	GGACTACHVGGGTWTCTAAT	PC	D	ES	2	NA	3	4	Not
/Users/Shared/GNOTO_AgNAg/Lib1/mapfile.tsv:GNOT.AGNAG.53	GCTGTACGGATTTTGCGTTAGCAG	GGACTACHVGGGTWTCTAAT	PC	D	ES	3	NA	3	5	Not
/Users/Shared/GNOTO_AgNAg/Lib1/mapfile.tsv:GNOT.AGNAG.54	GCTGTACGGATTTACGAGCCCTAA	GGACTACHVGGGTWTCTAAT	PC	D	ES	4	NA	3	6	Not
/Users/Shared/GNOTO_AgNAg/Lib1/mapfile.tsv:GNOT.AGNAG.55	GCTGTACGGATTCACTACGCTAGA	GGACTACHVGGGTWTCTAAT	PC	D	ES	5	NA	3	7	Not
/Users/Shared/GNOTO_AgNAg/Lib1/mapfile.tsv:GNOT.AGNAG.56	GCTGTACGGATTTGCAGTCCTCGA	GGACTACHVGGGTWTCTAAT	PC	S	ES	1	NA	3	8	Not
/Users/Shared/GNOTO_AgNAg/Lib1/mapfile.tsv:GNOT.AGNAG.57	GCTGTACGGATTACCATAGCTCCG	GGACTACHVGGGTWTCTAAT	PC	S	ES	2	NA	3	9	Not
/Users/Shared/GNOTO_AgNAg/Lib1/mapfile.tsv:GNOT.AGNAG.58	GCTGTACGGATTTCGACATCTCTT	GGACTACHVGGGTWTCTAAT	PC	S	ES	3	NA	3	10	Not
/Users/Shared/GNOTO_AgNAg/Lib1/mapfile.tsv:GNOT.AGNAG.59	GCTGTACGGATTGAACACTTTGGA	GGACTACHVGGGTWTCTAAT	PC	S	ES	4	NA	3	11	Not
/Users/Shared/GNOTO_AgNAg/Lib1/mapfile.tsv:GNOT.AGNAG.60	GCTGTACGGATTGAGCCATCTGTA	GGACTACHVGGGTWTCTAAT	PC	S	ES	5	NA	3	12	Not
/Users/Shared/GNOTO_AgNAg/Lib1/mapfile.tsv:GNOT.AGNAG.71	GCTGTACGGATTACTCACAGGAAT	GGACTACHVGGGTWTCTAAT	PC	D	RS	4	NA	3	23	Redo
/Users/Shared/GNOTO_AgNAg/Lib1/mapfile.tsv:GNOT.AGNAG.72	GCTGTACGGATTATGATGAGCCTC	GGACTACHVGGGTWTCTAAT	PC	BN	ES	3	NA	3	24	Redo
