SampleID	Barcode	Soil	Status	Compartment	Tub
V.1	ATCGCACAGTAAAGATTGACCAAC	ArbA	Pre	Soil	Pre
V.2	ATCGCACAGTAAAGTTACGAGCTA	ArbA	Pre	Soil	Pre
V.3	ATCGCACAGTAAGCATATGCACTG	ArbA	Pre	Soil	Pre
V.4	ATCGCACAGTAACAACTCCCGTGA	SacN	Pre	Soil	Pre
V.5	ATCGCACAGTAATTGCGTTAGCAG	SacN	Pre	Soil	Pre
V.6	ATCGCACAGTAATACGAGCCCTAA	SacN	Pre	Soil	Pre
V.7	ATCGCACAGTAACACTACGCTAGA	ArbN	Pre	Soil	Pre
V.8	ATCGCACAGTAATGCAGTCCTCGA	ArbN	Pre	Soil	Pre
V.9	ATCGCACAGTAAACCATAGCTCCG	ArbN	+	Soil	Pre
V.10	ATCGCACAGTAATCGACATCTCTT	ArbN	+	Soil	Pre
V.11	ATCGCACAGTAAGAACACTTTGGA	BiggsA	+	Soil	Pre
V.12	ATCGCACAGTAAGAGCCATCTGTA	BiggsA	+	Soil	Pre
V.13	ATCGCACAGTAATTGGGTACACGT	BiggsA	+	Soil	Pre
V.14	ATCGCACAGTAAAAGGCGCTCCTT	SacN	+	Soil	Pre
V.15	ATCGCACAGTAATAATACGGATCG	SacN	+	Soil	Pre
V.16	ATCGCACAGTAATCGGAATTAGAC	SacN	+	Soil	Pre
V.17	ATCGCACAGTAATGTGAATTCGGA	ArbN	Pre	Soil	Pre
V.18	ATCGCACAGTAACATTCGTGGCGT	BiggsA	Pre	Soil	Pre
V.19	ATCGCACAGTAATACTACGTGGCC	BiggsA	Pre	Soil	Pre
V.20	ATCGCACAGTAAGGCCAGTTCCTA	BiggsA	Pre	Soil	Pre
V.21	ATCGCACAGTAAGATGTTCGCTAG	ArbA	+	Soil	Pre
V.22	ATCGCACAGTAACTATCTCCTGTC	ArbA	+	Soil	Pre
V.23	ATCGCACAGTAAACTCACAGGAAT	ArbA	+	Soil	Pre
V.24	ATCGCACAGTAAATGATGAGCCTC	ArbN	+	Soil	Pre
V.25	GTCGTGTAGCCTAGATTGACCAAC	ArbA	-	Soil	Pre
V.26	GTCGTGTAGCCTAGTTACGAGCTA	ArbA	-	Soil	Pre
V.27	GTCGTGTAGCCTGCATATGCACTG	ArbA	-	Soil	Pre
V.28	GTCGTGTAGCCTCAACTCCCGTGA	ArbN	-	Soil	Pre
V.29	GTCGTGTAGCCTTTGCGTTAGCAG	ArbN	-	Soil	Pre
V.30	GTCGTGTAGCCTTACGAGCCCTAA	ArbN	-	Soil	Pre
V.31	GTCGTGTAGCCTCACTACGCTAGA	BiggsA	-	Soil	Pre
V.32	GTCGTGTAGCCTTGCAGTCCTCGA	BiggsA	-	Soil	Pre
V.33	GTCGTGTAGCCTACCATAGCTCCG	BiggsA	-	Soil	Pre
V.34	GTCGTGTAGCCTTCGACATCTCTT	SacN	-	Soil	Pre
V.35	GTCGTGTAGCCTGAACACTTTGGA	SacN	-	Soil	Pre
V.36	GTCGTGTAGCCTGAGCCATCTGTA	SacN	-	Soil	Pre
V.37	GTCGTGTAGCCTTTGGGTACACGT	ArbA	+	Rhizosphere	7
V.38	GTCGTGTAGCCTAAGGCGCTCCTT	ArbA	+	Rhizosphere	7
V.39	GTCGTGTAGCCTTAATACGGATCG	ArbA	+	Rhizosphere	7
V.40	GTCGTGTAGCCTTCGGAATTAGAC	ArbA	+	Rhizosphere	14
V.41	GTCGTGTAGCCTTGTGAATTCGGA	ArbA	+	Rhizosphere	14
V.42	GTCGTGTAGCCTCATTCGTGGCGT	ArbA	+	Rhizosphere	14
V.43	GTCGTGTAGCCTTACTACGTGGCC	ArbN	+	Rhizosphere	6
V.44	GTCGTGTAGCCTGGCCAGTTCCTA	ArbN	+	Rhizosphere	6
V.45	GTCGTGTAGCCTGATGTTCGCTAG	ArbN	+	Rhizosphere	6
V.46	GTCGTGTAGCCTCTATCTCCTGTC	ArbN	+	Rhizosphere	12
V.47	GTCGTGTAGCCTACTCACAGGAAT	ArbN	+	Rhizosphere	12
V.48	GTCGTGTAGCCTATGATGAGCCTC	ArbN	+	Rhizosphere	12
V.49	AGCGGAGGTTAGAGATTGACCAAC	BiggsA	+	Rhizosphere	3
V.50	AGCGGAGGTTAGAGTTACGAGCTA	BiggsA	+	Rhizosphere	3
V.51	AGCGGAGGTTAGGCATATGCACTG	BiggsA	+	Rhizosphere	3
V.52	AGCGGAGGTTAGCAACTCCCGTGA	BiggsA	+	Rhizosphere	10
V.53	AGCGGAGGTTAGTTGCGTTAGCAG	BiggsA	+	Rhizosphere	10
V.54	AGCGGAGGTTAGTACGAGCCCTAA	BiggsA	+	Rhizosphere	10
V.55	AGCGGAGGTTAGCACTACGCTAGA	SacN	+	Rhizosphere	8
V.56	AGCGGAGGTTAGTGCAGTCCTCGA	SacN	+	Rhizosphere	8
V.57	AGCGGAGGTTAGACCATAGCTCCG	SacN	+	Rhizosphere	8
V.58	AGCGGAGGTTAGTCGACATCTCTT	SacN	+	Rhizosphere	13
V.59	AGCGGAGGTTAGGAACACTTTGGA	SacN	+	Rhizosphere	13
V.60	AGCGGAGGTTAGGAGCCATCTGTA	SacN	+	Rhizosphere	13
V.61	AGCGGAGGTTAGTTGGGTACACGT	ArbA	-	Rhizosphere	1
V.62	AGCGGAGGTTAGAAGGCGCTCCTT	ArbA	-	Rhizosphere	1
V.63	AGCGGAGGTTAGTAATACGGATCG	ArbA	-	Rhizosphere	1
V.64	AGCGGAGGTTAGTCGGAATTAGAC	ArbA	-	Rhizosphere	9
V.65	AGCGGAGGTTAGTGTGAATTCGGA	ArbA	-	Rhizosphere	9
V.66	AGCGGAGGTTAGCATTCGTGGCGT	ArbA	-	Rhizosphere	9
V.67	AGCGGAGGTTAGTACTACGTGGCC	ArbN	-	Rhizosphere	4
V.68	AGCGGAGGTTAGGGCCAGTTCCTA	ArbN	-	Rhizosphere	4
V.69	AGCGGAGGTTAGGATGTTCGCTAG	ArbN	-	Rhizosphere	4
V.70	AGCGGAGGTTAGCTATCTCCTGTC	ArbN	-	Rhizosphere	15
V.71	AGCGGAGGTTAGACTCACAGGAAT	ArbN	-	Rhizosphere	15
V.72	AGCGGAGGTTAGATGATGAGCCTC	ArbN	-	Rhizosphere	15
V.73	ATCCTTTGGTTCAGATTGACCAAC	BiggsA	-	Rhizosphere	2
V.74	ATCCTTTGGTTCAGTTACGAGCTA	BiggsA	-	Rhizosphere	2
V.75	ATCCTTTGGTTCGCATATGCACTG	BiggsA	-	Rhizosphere	2
V.76	ATCCTTTGGTTCCAACTCCCGTGA	BiggsA	-	Rhizosphere	16
V.77	ATCCTTTGGTTCTTGCGTTAGCAG	BiggsA	-	Rhizosphere	16
V.78	ATCCTTTGGTTCTACGAGCCCTAA	BiggsA	-	Rhizosphere	16
V.79	ATCCTTTGGTTCCACTACGCTAGA	SacN	-	Rhizosphere	11
V.80	ATCCTTTGGTTCTGCAGTCCTCGA	SacN	-	Rhizosphere	11
V.81	ATCCTTTGGTTCACCATAGCTCCG	SacN	-	Rhizosphere	11
V.82	ATCCTTTGGTTCTCGACATCTCTT	SacN	-	Rhizosphere	5
V.83	ATCCTTTGGTTCGAACACTTTGGA	SacN	-	Rhizosphere	5
V.84	ATCCTTTGGTTCGAGCCATCTGTA	SacN	-	Rhizosphere	5
V.85	ATCCTTTGGTTCTTGGGTACACGT	ArbA	+	Endosphere	7
V.86	ATCCTTTGGTTCAAGGCGCTCCTT	ArbA	+	Endosphere	7
V.87	ATCCTTTGGTTCTAATACGGATCG	ArbA	+	Endosphere	7
V.88	ATCCTTTGGTTCTCGGAATTAGAC	ArbA	+	Endosphere	14
V.89	ATCCTTTGGTTCTGTGAATTCGGA	ArbA	+	Endosphere	14
V.90	ATCCTTTGGTTCCATTCGTGGCGT	ArbA	+	Endosphere	14
V.91	ATCCTTTGGTTCTACTACGTGGCC	ArbN	+	Endosphere	6
V.92	ATCCTTTGGTTCGGCCAGTTCCTA	ArbN	+	Endosphere	6
V.93	ATCCTTTGGTTCGATGTTCGCTAG	ArbN	+	Endosphere	6
V.94	ATCCTTTGGTTCCTATCTCCTGTC	ArbN	+	Endosphere	12
V.95	ATCCTTTGGTTCACTCACAGGAAT	ArbN	+	Endosphere	12
V.96	ATCCTTTGGTTCATGATGAGCCTC	ArbN	+	Endosphere	12
V.97	TACAGCGCATACAGATTGACCAAC	BiggsA	+	Endosphere	3
V.98	TACAGCGCATACAGTTACGAGCTA	BiggsA	+	Endosphere	3
V.99	TACAGCGCATACGCATATGCACTG	BiggsA	+	Endosphere	3
V.100	TACAGCGCATACCAACTCCCGTGA	BiggsA	+	Endosphere	10
V.101	TACAGCGCATACTTGCGTTAGCAG	BiggsA	+	Endosphere	10
V.102	TACAGCGCATACTACGAGCCCTAA	BiggsA	+	Endosphere	10
V.103	TACAGCGCATACCACTACGCTAGA	SacN	+	Endosphere	8
V.104	TACAGCGCATACTGCAGTCCTCGA	SacN	+	Endosphere	8
V.105	TACAGCGCATACACCATAGCTCCG	SacN	+	Endosphere	8
V.106	TACAGCGCATACTCGACATCTCTT	SacN	+	Endosphere	13
V.107	TACAGCGCATACGAACACTTTGGA	SacN	+	Endosphere	13
V.108	TACAGCGCATACGAGCCATCTGTA	SacN	+	Endosphere	13
V.109	TACAGCGCATACTTGGGTACACGT	ArbA	-	Endosphere	1
V.110	TACAGCGCATACAAGGCGCTCCTT	ArbA	-	Endosphere	1
V.111	TACAGCGCATACTAATACGGATCG	ArbA	-	Endosphere	1
V.112	TACAGCGCATACTCGGAATTAGAC	ArbA	-	Endosphere	9
V.113	TACAGCGCATACTGTGAATTCGGA	ArbA	-	Endosphere	9
V.114	TACAGCGCATACCATTCGTGGCGT	ArbA	-	Endosphere	9
V.115	TACAGCGCATACTACTACGTGGCC	ArbN	-	Endosphere	4
V.116	TACAGCGCATACGGCCAGTTCCTA	ArbN	-	Endosphere	4
V.117	TACAGCGCATACGATGTTCGCTAG	ArbN	-	Endosphere	4
V.118	TACAGCGCATACCTATCTCCTGTC	ArbN	-	Endosphere	15
V.119	TACAGCGCATACACTCACAGGAAT	ArbN	-	Endosphere	15
V.120	TACAGCGCATACATGATGAGCCTC	ArbN	-	Endosphere	15
V.121	ACCGGTATGTACAGATTGACCAAC	BiggsA	-	Endosphere	2
V.122	ACCGGTATGTACAGTTACGAGCTA	BiggsA	-	Endosphere	2
V.123	ACCGGTATGTACGCATATGCACTG	BiggsA	-	Endosphere	2
V.124	ACCGGTATGTACCAACTCCCGTGA	BiggsA	-	Endosphere	16
V.125	ACCGGTATGTACTTGCGTTAGCAG	BiggsA	-	Endosphere	16
V.126	ACCGGTATGTACTACGAGCCCTAA	BiggsA	-	Endosphere	16
V.127	ACCGGTATGTACCACTACGCTAGA	SacN	-	Endosphere	11
V.128	ACCGGTATGTACTGCAGTCCTCGA	SacN	-	Endosphere	11
V.129	ACCGGTATGTACACCATAGCTCCG	SacN	-	Endosphere	11
V.130	ACCGGTATGTACTCGACATCTCTT	SacN	-	Endosphere	5
V.131	ACCGGTATGTACGAACACTTTGGA	SacN	-	Endosphere	5
V.132	ACCGGTATGTACGAGCCATCTGTA	SacN	-	Endosphere	5
V.133	ACCGGTATGTACTTGGGTACACGT	ArbA	+	Soil	7
V.134	ACCGGTATGTACAAGGCGCTCCTT	ArbA	+	Soil	14
V.135	ACCGGTATGTACTAATACGGATCG	ArbA	-	Soil	9
V.136	ACCGGTATGTACTCGGAATTAGAC	ArbA	-	Soil	9
V.137	ACCGGTATGTACTGTGAATTCGGA	ArbN	+	Soil	6
V.138	ACCGGTATGTACCATTCGTGGCGT	ArbN	+	Soil	6
V.139	ACCGGTATGTACTACTACGTGGCC	ArbN	-	Soil	4
V.140	ACCGGTATGTACGGCCAGTTCCTA	ArbN	-	Soil	15
V.141	ACCGGTATGTACGATGTTCGCTAG	BiggsA	+	Soil	3
V.142	ACCGGTATGTACCTATCTCCTGTC	BiggsA	+	Soil	10
V.143	ACCGGTATGTACACTCACAGGAAT	BiggsA	-	Soil	2
V.144	ACCGGTATGTACATGATGAGCCTC	BiggsA	-	Soil	16
